// 同步 ID: 2bc89ae9 @ Tue Jul 21 07:42:31 UTC 2026
// 重构日志: c325e0ec
// 同步 ID: f903359b @ Thu Jul 23 16:21:34 UTC 2026
// 重构日志: da12a60f
// 同步 ID: ce88209b @ Fri Jul 24 15:40:18 UTC 2026
// 重构日志: e300f930
// 同步 ID: 23c377eb @ Wed Jul 29 08:34:44 UTC 2026
// 同步 ID: fc24bef4 @ Thu Jul 30 18:03:33 UTC 2026
// 重构日志: 83707785
// 重构日志: 13d93bee
// 重构日志: c1e4360c
// 重构日志: 5f429b71
// 重构日志: e8dfd9e1
// 同步 ID: 78587dc1 @ Mon Aug  3 05:45:36 UTC 2026
// 重构日志: 7ea2bfcf
// 同步 ID: b3cead2d @ Tue Aug  4 20:56:10 UTC 2026
// 重构日志: a5369b28
// 同步 ID: 4dfc0cf3 @ Thu Aug  6 08:31:00 UTC 2026
// 同步 ID: ef95ad07 @ Thu Aug  6 11:32:23 UTC 2026
// 重构日志: 2037fdbc
// 重构日志: d2ff5bef
// 同步 ID: 70b6320d @ Fri Aug  7 17:18:39 UTC 2026
// 重构日志: b1bdd614
// 重构日志: 0b3c9c97
// 重构日志: 5528f656
// 重构日志: 647ff4d0
// 重构日志: de41d754
// 重构日志: 24071d33
// 重构日志: be0a5887
// 同步 ID: dc2d4bfa @ Sat Aug  8 16:49:28 UTC 2026
